============================= test session starts =============================
platform win32 -- Python 3.10.11, pytest-7.4.0, pluggy-1.6.0 -- C:\Users\wangt-aw\AppData\Local\Programs\Python\Python310\python.exe
cachedir: .pytest_cache
rootdir: f:\UI_AUTO
configfile: pytest.ini
plugins: allure-pytest-2.13.2, anyio-4.12.1, Faker-40.11.0, base-url-2.0.0, forked-1.6.0, ordering-0.6, playwright-0.4.0, rerunfailures-12.0, xdist-3.3.0
collecting ... collected 1 item

tests/test_sales_order_flow.py::TestSalesOrderFlow::test_sales_full_order_flow[chromium] 2026-07-06 09:21:55 | INFO     | UI.conftest | conftest.py:67 | ============================================================

------------------------------- live log setup --------------------------------
2026-07-06 09:21:55 [INFO] UI.conftest: ============================================================
2026-07-06 09:21:55 | INFO     | UI.conftest | conftest.py:68 | 测试环境: test
2026-07-06 09:21:55 [INFO] UI.conftest: 测试环境: test
2026-07-06 09:21:55 | INFO     | UI.conftest | conftest.py:69 | 基础URL: https://zjtest.gyuncai.com
2026-07-06 09:21:55 [INFO] UI.conftest: 基础URL: https://zjtest.gyuncai.com
2026-07-06 09:21:55 | INFO     | UI.conftest | conftest.py:70 | 浏览器: chrome (headless=False)
2026-07-06 09:21:55 [INFO] UI.conftest: 浏览器: chrome (headless=False)
2026-07-06 09:21:55 | INFO     | UI.conftest | conftest.py:71 | 视口: 1920x1080
2026-07-06 09:21:55 [INFO] UI.conftest: 视口: 1920x1080
2026-07-06 09:21:55 | INFO     | UI.conftest | conftest.py:72 | 超时: 30000ms | 重试: 2次
2026-07-06 09:21:55 [INFO] UI.conftest: 超时: 30000ms | 重试: 2次
2026-07-06 09:21:55 | INFO     | UI.conftest | conftest.py:73 | ============================================================
2026-07-06 09:21:55 [INFO] UI.conftest: ============================================================
[INFO] 使用 Chrome 浏览器: C:\Program Files\Google\Chrome\Application\chrome.exe
2026-07-06 09:21:57 | INFO     | UI.tests.test_sales_order_flow | test_sales_order_flow.py:59 | ==================================================
-------------------------------- live log call --------------------------------
2026-07-06 09:21:57 [INFO] UI.tests.test_sales_order_flow: ==================================================
2026-07-06 09:21:57 | INFO     | UI.tests.test_sales_order_flow | test_sales_order_flow.py:60 | 销售完整下单流程测试 - 开始
2026-07-06 09:21:57 [INFO] UI.tests.test_sales_order_flow: 销售完整下单流程测试 - 开始
2026-07-06 09:21:57 | INFO     | UI.tests.test_sales_order_flow | test_sales_order_flow.py:61 | ==================================================
2026-07-06 09:21:57 [INFO] UI.tests.test_sales_order_flow: ==================================================
2026-07-06 09:21:57 | INFO     | UI.tests.test_sales_order_flow | test_sales_order_flow.py:64 | --- Phase 1: 销售登录 ---
2026-07-06 09:21:57 [INFO] UI.tests.test_sales_order_flow: --- Phase 1: 销售登录 ---
2026-07-06 09:21:57 | INFO     | UI.pages.sales_login_page | sales_login_page.py:74 | 打开销售登录页
2026-07-06 09:21:57 [INFO] UI.pages.sales_login_page: 打开销售登录页
2026-07-06 09:21:57 | INFO     | UI.pages.base_page | base_page.py:152 | 导航至: https://zjtest.gyuncai.com/mall/view/buyerLogin
2026-07-06 09:21:57 [INFO] UI.pages.base_page: 导航至: https://zjtest.gyuncai.com/mall/view/buyerLogin
2026-07-06 09:22:06 | INFO     | UI.pages.sales_login_page | sales_login_page.py:101 | 销售登录，用户: xuzw
2026-07-06 09:22:06 [INFO] UI.pages.sales_login_page: 销售登录，用户: xuzw
2026-07-06 09:22:06 | INFO     | UI.pages.sales_login_page | sales_login_page.py:104 | 步骤1: 等待账号输入框加载
2026-07-06 09:22:06 [INFO] UI.pages.sales_login_page: 步骤1: 等待账号输入框加载
2026-07-06 09:22:06 | INFO     | UI.pages.sales_login_page | sales_login_page.py:108 | 步骤2: 输入用户名: xuzw
2026-07-06 09:22:06 [INFO] UI.pages.sales_login_page: 步骤2: 输入用户名: xuzw
2026-07-06 09:22:06 | INFO     | UI.pages.sales_login_page | sales_login_page.py:112 | 步骤3: 输入密码
2026-07-06 09:22:06 [INFO] UI.pages.sales_login_page: 步骤3: 输入密码
2026-07-06 09:22:06 | INFO     | UI.pages.sales_login_page | sales_login_page.py:116 | 步骤4: 点击登录
2026-07-06 09:22:06 [INFO] UI.pages.sales_login_page: 步骤4: 点击登录
2026-07-06 09:22:06 | INFO     | UI.pages.sales_login_page | sales_login_page.py:119 | 登录请求已提交，等待页面响应...
2026-07-06 09:22:06 [INFO] UI.pages.sales_login_page: 登录请求已提交，等待页面响应...
2026-07-06 09:22:08 | INFO     | UI.pages.sales_login_page | sales_login_page.py:124 | 步骤5: 检查是否需要关闭首次登录弹窗
2026-07-06 09:22:08 [INFO] UI.pages.sales_login_page: 步骤5: 检查是否需要关闭首次登录弹窗
2026-07-06 09:22:11 | INFO     | UI.pages.sales_login_page | sales_login_page.py:130 | 未找到首次登录弹窗，跳过。原因: Timeout 3000ms exceeded.
=========================== logs ===========================
waiting for locator("button:has-text('我知道了')") to be visible
============================================================
2026-07-06 09:22:11 [INFO] UI.pages.sales_login_page: 未找到首次登录弹窗，跳过。原因: Timeout 3000ms exceeded.
=========================== logs ===========================
waiting for locator("button:has-text('我知道了')") to be visible
============================================================
2026-07-06 09:22:11 | INFO     | UI.pages.sales_login_page | sales_login_page.py:133 | 步骤6: 断言登录成功...
2026-07-06 09:22:11 [INFO] UI.pages.sales_login_page: 步骤6: 断言登录成功...
2026-07-06 09:22:11 | INFO     | UI.pages.sales_login_page | sales_login_page.py:141 | 断言销售登录成功
2026-07-06 09:22:11 [INFO] UI.pages.sales_login_page: 断言销售登录成功
2026-07-06 09:22:11 | INFO     | UI.pages.sales_login_page | sales_login_page.py:145 | 登录成功断言通过（匹配: text=徐滋惟）
2026-07-06 09:22:11 [INFO] UI.pages.sales_login_page: 登录成功断言通过（匹配: text=徐滋惟）
2026-07-06 09:22:11 | INFO     | UI.pages.sales_login_page | sales_login_page.py:136 | [SUCCESS] 销售登录成功，返回 HomePage
2026-07-06 09:22:11 [INFO] UI.pages.sales_login_page: [SUCCESS] 销售登录成功，返回 HomePage
2026-07-06 09:22:11 | INFO     | UI.tests.test_sales_order_flow | test_sales_order_flow.py:72 | --- Phase 2: 搜索产品 + 加入购物车 ---
2026-07-06 09:22:11 [INFO] UI.tests.test_sales_order_flow: --- Phase 2: 搜索产品 + 加入购物车 ---
2026-07-06 09:22:11 | INFO     | UI.pages.sales_home_page | sales_home_page.py:80 | 搜索产品: 10004188
2026-07-06 09:22:11 [INFO] UI.pages.sales_home_page: 搜索产品: 10004188
2026-07-06 09:22:41 | WARNING  | UI.pages.base_page | base_page.py:278 | 等待networkidle超时（非致命）: Timeout 30000ms exceeded.
=========================== logs ===========================
"commit" event fired
"domcontentloaded" event fired
"load" event fired
============================================================
2026-07-06 09:22:41 [WARNING] UI.pages.base_page: 等待networkidle超时（非致命）: Timeout 30000ms exceeded.
=========================== logs ===========================
"commit" event fired
"domcontentloaded" event fired
"load" event fired
============================================================
2026-07-06 09:22:41 | INFO     | UI.pages.sales_home_page | sales_home_page.py:88 | 搜索完成: 10004188
2026-07-06 09:22:41 [INFO] UI.pages.sales_home_page: 搜索完成: 10004188
2026-07-06 09:22:41 | INFO     | UI.pages.sales_home_page | sales_home_page.py:143 | 断言搜索结果可见
2026-07-06 09:22:41 [INFO] UI.pages.sales_home_page: 断言搜索结果可见
2026-07-06 09:22:44 | INFO     | UI.pages.sales_home_page | sales_home_page.py:105 | 点击第 1 个「加入购物车」按钮
2026-07-06 09:22:44 [INFO] UI.pages.sales_home_page: 点击第 1 个「加入购物车」按钮
2026-07-06 09:23:44 | INFO     | UI.pages.sales_home_page | sales_home_page.py:113 | 已加入购物车
2026-07-06 09:23:44 [INFO] UI.pages.sales_home_page: 已加入购物车
2026-07-06 09:23:44 | INFO     | UI.tests.test_sales_order_flow | test_sales_order_flow.py:84 | --- Phase 3: 打开购物车 ---
2026-07-06 09:23:44 [INFO] UI.tests.test_sales_order_flow: --- Phase 3: 打开购物车 ---
2026-07-06 09:23:44 | INFO     | UI.pages.sales_home_page | sales_home_page.py:133 | 点击购物车链接，等待新窗口弹出...
2026-07-06 09:23:44 [INFO] UI.pages.sales_home_page: 点击购物车链接，等待新窗口弹出...
2026-07-06 09:23:45 | INFO     | UI.pages.sales_home_page | sales_home_page.py:138 | 购物车新窗口已打开: https://zjtest.gyuncai.com/mall/view/znyj/cart
2026-07-06 09:23:45 [INFO] UI.pages.sales_home_page: 购物车新窗口已打开: https://zjtest.gyuncai.com/mall/view/znyj/cart
2026-07-06 09:23:45 | INFO     | UI.tests.test_sales_order_flow | test_sales_order_flow.py:88 | --- Phase 4: 生成报价单 ---
2026-07-06 09:23:45 [INFO] UI.tests.test_sales_order_flow: --- Phase 4: 生成报价单 ---
2026-07-06 09:23:45 | INFO     | UI.pages.cart_page | cart_page.py:139 | 选择 checkbox-group 第 1 个复选框
2026-07-06 09:23:45 [INFO] UI.pages.cart_page: 选择 checkbox-group 第 1 个复选框
2026-07-06 09:23:45 | WARNING  | UI.pages.cart_page | cart_page.py:149 | checkbox-group 复选框未找到
2026-07-06 09:23:45 [WARNING] UI.pages.cart_page: checkbox-group 复选框未找到
2026-07-06 09:23:45 | INFO     | UI.pages.base_page | base_page.py:313 | 截图已保存: F:\UI_AUTO\reports\screenshots\20260706_092345_WARN_checkbox_group_not_found.png
2026-07-06 09:23:45 [INFO] UI.pages.base_page: 截图已保存: F:\UI_AUTO\reports\screenshots\20260706_092345_WARN_checkbox_group_not_found.png
2026-07-06 09:23:45 | INFO     | UI.pages.cart_page | cart_page.py:160 | 点击「生成报价单」
2026-07-06 09:23:45 [INFO] UI.pages.cart_page: 点击「生成报价单」
2026-07-06 09:23:45 | WARNING  | UI.pages.base_page | base_page.py:112 | click_any 未找到任何匹配元素: ("button:has-text('生成报价单')", 'text=生成报价单')
2026-07-06 09:23:45 [WARNING] UI.pages.base_page: click_any 未找到任何匹配元素: ("button:has-text('生成报价单')", 'text=生成报价单')
2026-07-06 09:23:45 | INFO     | UI.pages.base_page | base_page.py:313 | 截图已保存: F:\UI_AUTO\reports\screenshots\20260706_092345_WARN_click_any_not_found_button:has-text('生成报价单').png
2026-07-06 09:23:45 [INFO] UI.pages.base_page: 截图已保存: F:\UI_AUTO\reports\screenshots\20260706_092345_WARN_click_any_not_found_button:has-text('生成报价单').png
2026-07-06 09:23:46 | INFO     | UI.pages.cart_page | cart_page.py:172 | 点击「继续下单」
2026-07-06 09:23:46 [INFO] UI.pages.cart_page: 点击「继续下单」
2026-07-06 09:23:46 | WARNING  | UI.pages.base_page | base_page.py:112 | click_any 未找到任何匹配元素: ("button:has-text('继续下单')", 'text=继续下单')
2026-07-06 09:23:46 [WARNING] UI.pages.base_page: click_any 未找到任何匹配元素: ("button:has-text('继续下单')", 'text=继续下单')
2026-07-06 09:23:46 | INFO     | UI.pages.base_page | base_page.py:313 | 截图已保存: F:\UI_AUTO\reports\screenshots\20260706_092346_WARN_click_any_not_found_button:has-text('继续下单').png
2026-07-06 09:23:46 [INFO] UI.pages.base_page: 截图已保存: F:\UI_AUTO\reports\screenshots\20260706_092346_WARN_click_any_not_found_button:has-text('继续下单').png
2026-07-06 09:23:46 | INFO     | UI.tests.test_sales_order_flow | test_sales_order_flow.py:97 | --- Phase 5: 选择商机 ---
2026-07-06 09:23:46 [INFO] UI.tests.test_sales_order_flow: --- Phase 5: 选择商机 ---
2026-07-06 09:23:46 | INFO     | UI.pages.cart_page | cart_page.py:187 | 选择商机: 13501: 审批商机20260701-03
2026-07-06 09:23:46 [INFO] UI.pages.cart_page: 选择商机: 13501: 审批商机20260701-03
2026-07-06 09:24:17 | ERROR    | UI.conftest | conftest.py:98 | 测试失败: test_sales_full_order_flow[chromium] | tests\test_sales_order_flow.py:98: in test_sales_full_order_flow
    cart_page.select_opportunity(OPPORTUNITY_NAME)
pages\cart_page.py:198: in select_opportunity
    self.locate(f"text={name}").click()
C:\Users\wangt-aw\AppData\Local\Programs\Python\Python310\lib\site-packages\playwright\sync_api\_generated.py:15749: in click
    self._sync(
C:\Users\wangt-aw\AppData\Local\Programs\Python\Python310\lib\site-packages\playwright\_impl\_locator.py:159: in click
    return await self._frame.click(self._selector, strict=True, **params)
C:\Users\wangt-aw\AppData\Local\Programs\Python\Python310\lib\site-packages\playwright\_impl\_frame.py:483: in click
    await self._channel.send("click", locals_to_params(locals()))
C:\Users\wangt-aw\AppData\Local\Programs\Python\Python310\lib\site-packages\playwright\_impl\_connection.py:61: in send
    return await self._connection.wrap_api_call(
C:\Users\wangt-aw\AppData\Local\Programs\Python\Python310\lib\site-packages\playwright\_impl\_connection.py:482: in wrap_api_call
    return await cb()
C:\Users\wangt-aw\AppData\Local\Programs\Python\Python310\lib\site-packages\playwright\_impl\_connection.py:97: in inner_send
    result = next(iter(done)).result()
E   playwright._impl._api_types.TimeoutError: Timeout 30000ms exceeded.
E   =========================== logs ===========================
E   waiting for locator("text=13501: 审批商机20260701-03")
E   ============================================================
2026-07-06 09:24:17 [ERROR] UI.conftest: 测试失败: test_sales_full_order_flow[chromium] | tests\test_sales_order_flow.py:98: in test_sales_full_order_flow
    cart_page.select_opportunity(OPPORTUNITY_NAME)
pages\cart_page.py:198: in select_opportunity
    self.locate(f"text={name}").click()
C:\Users\wangt-aw\AppData\Local\Programs\Python\Python310\lib\site-packages\playwright\sync_api\_generated.py:15749: in click
    self._sync(
C:\Users\wangt-aw\AppData\Local\Programs\Python\Python310\lib\site-packages\playwright\_impl\_locator.py:159: in click
    return await self._frame.click(self._selector, strict=True, **params)
C:\Users\wangt-aw\AppData\Local\Programs\Python\Python310\lib\site-packages\playwright\_impl\_frame.py:483: in click
    await self._channel.send("click", locals_to_params(locals()))
C:\Users\wangt-aw\AppData\Local\Programs\Python\Python310\lib\site-packages\playwright\_impl\_connection.py:61: in send
    return await self._connection.wrap_api_call(
C:\Users\wangt-aw\AppData\Local\Programs\Python\Python310\lib\site-packages\playwright\_impl\_connection.py:482: in wrap_api_call
    return await cb()
C:\Users\wangt-aw\AppData\Local\Programs\Python\Python310\lib\site-packages\playwright\_impl\_connection.py:97: in inner_send
    result = next(iter(done)).result()
E   playwright._impl._api_types.TimeoutError: Timeout 30000ms exceeded.
E   =========================== logs ===========================
E   waiting for locator("text=13501: 审批商机20260701-03")
E   ============================================================
2026-07-06 09:24:20 | INFO     | UI.conftest | conftest.py:107 | 截图已保存: F:\UI_AUTO\reports\screenshots\FAIL_20260706_092417_test_sales_full_order_flow[chromium].png
2026-07-06 09:24:20 [INFO] UI.conftest: 截图已保存: F:\UI_AUTO\reports\screenshots\FAIL_20260706_092417_test_sales_full_order_flow[chromium].png
RERUN
tests/test_sales_order_flow.py::TestSalesOrderFlow::test_sales_full_order_flow[chromium] 2026-07-06 09:24:21 | INFO     | UI.tests.test_sales_order_flow | test_sales_order_flow.py:59 | ==================================================

-------------------------------- live log call --------------------------------
2026-07-06 09:24:21 [INFO] UI.tests.test_sales_order_flow: ==================================================
2026-07-06 09:24:21 | INFO     | UI.tests.test_sales_order_flow | test_sales_order_flow.py:60 | 销售完整下单流程测试 - 开始
2026-07-06 09:24:21 [INFO] UI.tests.test_sales_order_flow: 销售完整下单流程测试 - 开始
2026-07-06 09:24:21 | INFO     | UI.tests.test_sales_order_flow | test_sales_order_flow.py:61 | ==================================================
2026-07-06 09:24:21 [INFO] UI.tests.test_sales_order_flow: ==================================================
2026-07-06 09:24:21 | INFO     | UI.tests.test_sales_order_flow | test_sales_order_flow.py:64 | --- Phase 1: 销售登录 ---
2026-07-06 09:24:21 [INFO] UI.tests.test_sales_order_flow: --- Phase 1: 销售登录 ---
2026-07-06 09:24:21 | INFO     | UI.pages.sales_login_page | sales_login_page.py:74 | 打开销售登录页
2026-07-06 09:24:21 [INFO] UI.pages.sales_login_page: 打开销售登录页
2026-07-06 09:24:21 | INFO     | UI.pages.base_page | base_page.py:152 | 导航至: https://zjtest.gyuncai.com/mall/view/buyerLogin
2026-07-06 09:24:21 [INFO] UI.pages.base_page: 导航至: https://zjtest.gyuncai.com/mall/view/buyerLogin
2026-07-06 09:24:26 | INFO     | UI.pages.sales_login_page | sales_login_page.py:101 | 销售登录，用户: xuzw
2026-07-06 09:24:26 [INFO] UI.pages.sales_login_page: 销售登录，用户: xuzw
2026-07-06 09:24:26 | INFO     | UI.pages.sales_login_page | sales_login_page.py:104 | 步骤1: 等待账号输入框加载
2026-07-06 09:24:26 [INFO] UI.pages.sales_login_page: 步骤1: 等待账号输入框加载
2026-07-06 09:24:26 | INFO     | UI.pages.sales_login_page | sales_login_page.py:108 | 步骤2: 输入用户名: xuzw
2026-07-06 09:24:26 [INFO] UI.pages.sales_login_page: 步骤2: 输入用户名: xuzw
2026-07-06 09:24:26 | INFO     | UI.pages.sales_login_page | sales_login_page.py:112 | 步骤3: 输入密码
2026-07-06 09:24:26 [INFO] UI.pages.sales_login_page: 步骤3: 输入密码
2026-07-06 09:24:26 | INFO     | UI.pages.sales_login_page | sales_login_page.py:116 | 步骤4: 点击登录
2026-07-06 09:24:26 [INFO] UI.pages.sales_login_page: 步骤4: 点击登录
2026-07-06 09:24:26 | INFO     | UI.pages.sales_login_page | sales_login_page.py:119 | 登录请求已提交，等待页面响应...
2026-07-06 09:24:26 [INFO] UI.pages.sales_login_page: 登录请求已提交，等待页面响应...
2026-07-06 09:24:28 | INFO     | UI.pages.sales_login_page | sales_login_page.py:124 | 步骤5: 检查是否需要关闭首次登录弹窗
2026-07-06 09:24:28 [INFO] UI.pages.sales_login_page: 步骤5: 检查是否需要关闭首次登录弹窗
2026-07-06 09:24:31 | INFO     | UI.pages.sales_login_page | sales_login_page.py:130 | 未找到首次登录弹窗，跳过。原因: Timeout 3000ms exceeded.
=========================== logs ===========================
waiting for locator("button:has-text('我知道了')") to be visible
============================================================
2026-07-06 09:24:31 [INFO] UI.pages.sales_login_page: 未找到首次登录弹窗，跳过。原因: Timeout 3000ms exceeded.
=========================== logs ===========================
waiting for locator("button:has-text('我知道了')") to be visible
============================================================
2026-07-06 09:24:31 | INFO     | UI.pages.sales_login_page | sales_login_page.py:133 | 步骤6: 断言登录成功...
2026-07-06 09:24:31 [INFO] UI.pages.sales_login_page: 步骤6: 断言登录成功...
2026-07-06 09:24:31 | INFO     | UI.pages.sales_login_page | sales_login_page.py:141 | 断言销售登录成功
2026-07-06 09:24:31 [INFO] UI.pages.sales_login_page: 断言销售登录成功
2026-07-06 09:24:31 | INFO     | UI.pages.sales_login_page | sales_login_page.py:145 | 登录成功断言通过（匹配: text=徐滋惟）
2026-07-06 09:24:31 [INFO] UI.pages.sales_login_page: 登录成功断言通过（匹配: text=徐滋惟）
2026-07-06 09:24:31 | INFO     | UI.pages.sales_login_page | sales_login_page.py:136 | [SUCCESS] 销售登录成功，返回 HomePage
2026-07-06 09:24:31 [INFO] UI.pages.sales_login_page: [SUCCESS] 销售登录成功，返回 HomePage
2026-07-06 09:24:31 | INFO     | UI.tests.test_sales_order_flow | test_sales_order_flow.py:72 | --- Phase 2: 搜索产品 + 加入购物车 ---
2026-07-06 09:24:31 [INFO] UI.tests.test_sales_order_flow: --- Phase 2: 搜索产品 + 加入购物车 ---
2026-07-06 09:24:31 | INFO     | UI.pages.sales_home_page | sales_home_page.py:80 | 搜索产品: 10004188
2026-07-06 09:24:31 [INFO] UI.pages.sales_home_page: 搜索产品: 10004188
