2026-07-15 09:28:41 | INFO     | æ—¥å¿—æ–‡ä»¶: F:\UI_AUTO\reports\logs\41-28-09_15-07-2026.log
============================= test session starts =============================
platform win32 -- Python 3.10.11, pytest-7.4.0, pluggy-1.6.0 -- C:\Users\wangt-aw\AppData\Local\Programs\Python\Python310\python.exe
cachedir: .pytest_cache
rootdir: f:\UI_AUTO
configfile: pytest.ini
plugins: allure-pytest-2.13.2, anyio-4.12.1, Faker-40.11.0, base-url-2.0.0, forked-1.6.0, ordering-0.6, playwright-0.4.0, rerunfailures-12.0, xdist-3.3.0
collecting ... collected 1 item

tests/test_sales_order.py::TestSalesOrder::test_sales_full_order[chromium] 2026-07-15 09:28:42 | INFO     | ============================================================

------------------------------- live log setup --------------------------------
2026-07-15 09:28:42 [INFO] UI.conftest: ============================================================
2026-07-15 09:28:42 | INFO     | æµ‹è¯•ç¯å¢ƒ: test
2026-07-15 09:28:42 [INFO] UI.conftest: ²âÊÔ»·¾³: test
2026-07-15 09:28:42 | INFO     | åŸºç¡€URL: https://zjtest.gyuncai.com
2026-07-15 09:28:42 [INFO] UI.conftest: »ù´¡URL: https://zjtest.gyuncai.com
2026-07-15 09:28:42 | INFO     | æµè§ˆå™¨: chrome (headless=False)
2026-07-15 09:28:42 [INFO] UI.conftest: ä¯ÀÀÆ÷: chrome (headless=False)
2026-07-15 09:28:42 | INFO     | è§†å£: 1920x1080
2026-07-15 09:28:42 [INFO] UI.conftest: ÊÓ¿Ú: 1920x1080
2026-07-15 09:28:42 | INFO     | è¶…æ—¶: 10000ms | é‡è¯•: 2æ¬¡
2026-07-15 09:28:42 [INFO] UI.conftest: ³¬Ê±: 10000ms | ÖØÊÔ: 2´Î
2026-07-15 09:28:42 | INFO     | ============================================================
2026-07-15 09:28:42 [INFO] UI.conftest: ============================================================
[INFO] Ê¹ÓÃ Chrome ä¯ÀÀÆ÷: C:\Program Files\Google\Chrome\Application\chrome.exe
2026-07-15 09:28:43 | INFO     | ==================================================
-------------------------------- live log call --------------------------------
2026-07-15 09:28:43 [INFO] UI.tests.test_sales_order: ==================================================
2026-07-15 09:28:43 | INFO     | é”€å”®å®Œæ•´ä¸‹å•æµç¨‹æµ‹è¯•ï¼ˆåˆå¹¶ç‰ˆï¼‰- å¼€å§‹
2026-07-15 09:28:43 [INFO] UI.tests.test_sales_order: ÏúÊÛÍêÕûÏÂµ¥Á÷³Ì²âÊÔ£¨ºÏ²¢°æ£©- ¿ªÊ¼
2026-07-15 09:28:43 | INFO     | ==================================================
2026-07-15 09:28:43 [INFO] UI.tests.test_sales_order: ==================================================
2026-07-15 09:28:43 | INFO     | --- Phase 1: é”€å”®ç™»å½• ---
2026-07-15 09:28:43 [INFO] UI.tests.test_sales_order: --- Phase 1: ÏúÊÛµÇÂ¼ ---
2026-07-15 09:28:43 | INFO     | æ‰“å¼€é”€å”®ç™»å½•é¡µ
2026-07-15 09:28:43 [INFO] UI.pages.sales_login_page: ´ò¿ªÏúÊÛµÇÂ¼Ò³
2026-07-15 09:28:43 | INFO     | å¯¼èˆªè‡³: https://zjtest.gyuncai.com/mall/view/buyerLogin
2026-07-15 09:28:43 [INFO] UI.pages.base_page: µ¼º½ÖÁ: https://zjtest.gyuncai.com/mall/view/buyerLogin
2026-07-15 09:28:45 | INFO     | é”€å”®ç™»å½•ï¼Œç”¨æˆ·: xuzw
2026-07-15 09:28:45 [INFO] UI.pages.sales_login_page: ÏúÊÛµÇÂ¼£¬ÓÃ»§: xuzw
2026-07-15 09:28:45 | INFO     | æ­¥éª¤1: ç­‰å¾…è´¦å·è¾“å…¥æ¡†åŠ è½½
2026-07-15 09:28:45 [INFO] UI.pages.sales_login_page: ²½Öè1: µÈ´ıÕËºÅÊäÈë¿ò¼ÓÔØ
2026-07-15 09:28:45 | INFO     | æ­¥éª¤2: è¾“å…¥ç”¨æˆ·å: xuzw
2026-07-15 09:28:45 [INFO] UI.pages.sales_login_page: ²½Öè2: ÊäÈëÓÃ»§Ãû: xuzw
2026-07-15 09:28:45 | INFO     | æ­¥éª¤3: è¾“å…¥å¯†ç 
2026-07-15 09:28:45 [INFO] UI.pages.sales_login_page: ²½Öè3: ÊäÈëÃÜÂë
2026-07-15 09:28:45 | INFO     | æ­¥éª¤4: ç‚¹å‡»ç™»å½•
2026-07-15 09:28:45 [INFO] UI.pages.sales_login_page: ²½Öè4: µã»÷µÇÂ¼
2026-07-15 09:28:45 | INFO     | ç™»å½•è¯·æ±‚å·²æäº¤ï¼Œç­‰å¾…é¡µé¢å“åº”...
2026-07-15 09:28:45 [INFO] UI.pages.sales_login_page: µÇÂ¼ÇëÇóÒÑÌá½»£¬µÈ´ıÒ³ÃæÏìÓ¦...
2026-07-15 09:28:47 | INFO     | æ­¥éª¤5: æ£€æŸ¥æ˜¯å¦éœ€è¦å…³é—­é¦–æ¬¡ç™»å½•å¼¹çª—
2026-07-15 09:28:47 [INFO] UI.pages.sales_login_page: ²½Öè5: ¼ì²éÊÇ·ñĞèÒª¹Ø±ÕÊ×´ÎµÇÂ¼µ¯´°
2026-07-15 09:28:50 | INFO     | æœªæ‰¾åˆ°é¦–æ¬¡ç™»å½•å¼¹çª—ï¼Œè·³è¿‡ã€‚åŸå› : Timeout 3000ms exceeded.
=========================== logs ===========================
waiting for locator("button:has-text('æˆ‘çŸ¥é“äº†')") to be visible
============================================================
2026-07-15 09:28:50 [INFO] UI.pages.sales_login_page: Î´ÕÒµ½Ê×´ÎµÇÂ¼µ¯´°£¬Ìø¹ı¡£Ô­Òò: Timeout 3000ms exceeded.
=========================== logs ===========================
waiting for locator("button:has-text('ÎÒÖªµÀÁË')") to be visible
============================================================
2026-07-15 09:28:50 | INFO     | æ­¥éª¤6: æ–­è¨€ç™»å½•æˆåŠŸ...
2026-07-15 09:28:50 [INFO] UI.pages.sales_login_page: ²½Öè6: ¶ÏÑÔµÇÂ¼³É¹¦...
2026-07-15 09:28:50 | INFO     | æ–­è¨€é”€å”®ç™»å½•æˆåŠŸ
2026-07-15 09:28:50 [INFO] UI.pages.sales_login_page: ¶ÏÑÔÏúÊÛµÇÂ¼³É¹¦
2026-07-15 09:28:50 | INFO     | ç™»å½•æˆåŠŸæ–­è¨€é€šè¿‡ï¼ˆåŒ¹é…: text=å¾æ»‹æƒŸï¼‰
2026-07-15 09:28:50 [INFO] UI.pages.sales_login_page: µÇÂ¼³É¹¦¶ÏÑÔÍ¨¹ı£¨Æ¥Åä: text=Ğì×ÌÎ©£©
2026-07-15 09:28:50 | INFO     | [SUCCESS] é”€å”®ç™»å½•æˆåŠŸï¼Œè¿”å› HomePage
2026-07-15 09:28:50 [INFO] UI.pages.sales_login_page: [SUCCESS] ÏúÊÛµÇÂ¼³É¹¦£¬·µ»Ø HomePage
2026-07-15 09:28:50 | INFO     | --- Phase 2: æœç´¢äº§å“ + åŠ å…¥è´­ç‰©è½¦ ---
2026-07-15 09:28:50 [INFO] UI.tests.test_sales_order: --- Phase 2: ËÑË÷²úÆ· + ¼ÓÈë¹ºÎï³µ ---
2026-07-15 09:28:50 | INFO     | æœç´¢äº§å“: 10004188
2026-07-15 09:28:50 [INFO] UI.pages.sales_home_page: ËÑË÷²úÆ·: 10004188
2026-07-15 09:28:55 | WARNING  | ç­‰å¾…networkidleè¶…æ—¶ï¼ˆéè‡´å‘½ï¼‰: Timeout 5000ms exceeded.
=========================== logs ===========================
"commit" event fired
"domcontentloaded" event fired
"load" event fired
============================================================
2026-07-15 09:28:55 [WARNING] UI.pages.base_page: µÈ´ınetworkidle³¬Ê±£¨·ÇÖÂÃü£©: Timeout 5000ms exceeded.
=========================== logs ===========================
"commit" event fired
"domcontentloaded" event fired
"load" event fired
============================================================
2026-07-15 09:28:55 | INFO     | ç­‰å¾…æœç´¢ç»“æœç‰©æ–™ç¼–ç : 10004188
2026-07-15 09:28:55 [INFO] UI.pages.sales_home_page: µÈ´ıËÑË÷½á¹ûÎïÁÏ±àÂë: 10004188
2026-07-15 09:28:55 | INFO     | ç‰©æ–™ç¼–ç  10004188 å·²å‡ºç°
2026-07-15 09:28:55 [INFO] UI.pages.sales_home_page: ÎïÁÏ±àÂë 10004188 ÒÑ³öÏÖ
2026-07-15 09:28:55 | INFO     | æœç´¢å®Œæˆ: 10004188
2026-07-15 09:28:55 [INFO] UI.pages.sales_home_page: ËÑË÷Íê³É: 10004188
2026-07-15 09:28:55 | INFO     | æ–­è¨€æœç´¢ç»“æœå¯è§
2026-07-15 09:28:55 [INFO] UI.pages.sales_home_page: ¶ÏÑÔËÑË÷½á¹û¿É¼û
2026-07-15 09:28:55 | INFO     | ç‚¹å‡»ç¬¬ 1 ä¸ªã€ŒåŠ å…¥è´­ç‰©è½¦ã€æŒ‰é’®
2026-07-15 09:28:55 [INFO] UI.pages.sales_home_page: µã»÷µÚ 1 ¸ö¡¸¼ÓÈë¹ºÎï³µ¡¹°´Å¥
2026-07-15 09:28:55 | INFO     | å·²åŠ å…¥è´­ç‰©è½¦
2026-07-15 09:28:55 [INFO] UI.pages.sales_home_page: ÒÑ¼ÓÈë¹ºÎï³µ
2026-07-15 09:28:55 | INFO     | --- Phase 3: æ‰“å¼€è´­ç‰©è½¦ ---
2026-07-15 09:28:55 [INFO] UI.tests.test_sales_order: --- Phase 3: ´ò¿ª¹ºÎï³µ ---
2026-07-15 09:28:55 | INFO     | ç‚¹å‡»è´­ç‰©è½¦é“¾æ¥ï¼Œç­‰å¾…æ–°çª—å£å¼¹å‡º...
2026-07-15 09:28:55 [INFO] UI.pages.sales_home_page: µã»÷¹ºÎï³µÁ´½Ó£¬µÈ´ıĞÂ´°¿Úµ¯³ö...
2026-07-15 09:28:56 | INFO     | è´­ç‰©è½¦æ–°çª—å£å·²æ‰“å¼€: https://zjtest.gyuncai.com/mall/view/znyj/cart
2026-07-15 09:28:56 [INFO] UI.pages.sales_home_page: ¹ºÎï³µĞÂ´°¿ÚÒÑ´ò¿ª: https://zjtest.gyuncai.com/mall/view/znyj/cart
2026-07-15 09:28:56 | INFO     |   â†’ è´­ç‰©è½¦å†…æ— ç‰©æ–™ï¼Œè‡ªåŠ¨åˆ·æ–°é¡µé¢å¹¶ç­‰å¾… 3s ...
2026-07-15 09:28:56 [INFO] UI.tests.test_sales_order:   ¡ú ¹ºÎï³µÄÚÎŞÎïÁÏ£¬×Ô¶¯Ë¢ĞÂÒ³Ãæ²¢µÈ´ı 3s ...
2026-07-15 09:28:57 | INFO     |   â†’ é¡µé¢å·²åˆ·æ–° âœ“
2026-07-15 09:28:57 [INFO] UI.tests.test_sales_order:   \u2192 \u9875\u9762\u5df2\u5237\u65b0 \u2713\n2026-07-15 09:28:57 | INFO     | --- Phase 4: ç”ŸæˆæŠ¥ä»·å• ---
2026-07-15 09:28:57 [INFO] UI.tests.test_sales_order: --- Phase 4: Éú³É±¨¼Ûµ¥ ---
2026-07-15 09:28:57 | INFO     | å‹¾é€‰ç¬¬ä¸€ä¸ªå•†å“å¤é€‰æ¡†
2026-07-15 09:28:57 [INFO] UI.pages.cart_page: ¹´Ñ¡µÚÒ»¸öÉÌÆ·¸´Ñ¡¿ò
2026-07-15 09:28:58 | INFO     | ç‚¹å‡»ã€Œç”ŸæˆæŠ¥ä»·å•ã€
2026-07-15 09:28:58 [INFO] UI.pages.cart_page: µã»÷¡¸Éú³É±¨¼Ûµ¥¡¹
2026-07-15 09:28:58 | INFO     | ç‚¹å‡»ã€Œç»§ç»­ä¸‹å•ã€
2026-07-15 09:28:58 [INFO] UI.pages.cart_page: µã»÷¡¸¼ÌĞøÏÂµ¥¡¹
2026-07-15 09:28:59 | INFO     | --- Phase 5: é€‰æ‹©å•†æœº ---
2026-07-15 09:28:59 [INFO] UI.tests.test_sales_order: --- Phase 5: Ñ¡ÔñÉÌ»ú ---
2026-07-15 09:28:59 | INFO     | é€‰æ‹©å•†æœº: 13503: å®¡æ‰¹å•†æœº20260706-01
2026-07-15 09:28:59 [INFO] UI.pages.cart_page: Ñ¡ÔñÉÌ»ú: 13503: ÉóÅúÉÌ»ú20260706-01
2026-07-15 09:29:00 | INFO     | å•†æœºå·²é€‰æ‹©: 13503: å®¡æ‰¹å•†æœº20260706-01
2026-07-15 09:29:00 [INFO] UI.pages.cart_page: ÉÌ»úÒÑÑ¡Ôñ: 13503: ÉóÅúÉÌ»ú20260706-01
2026-07-15 09:29:00 | INFO     | ç‚¹å‡»ä¿¡æ¯å¡«å†™ç¡®è®¤æŒ‰é’®
2026-07-15 09:29:00 [INFO] UI.pages.cart_page: µã»÷ĞÅÏ¢ÌîĞ´È·ÈÏ°´Å¥
2026-07-15 09:29:00 | INFO     | ä¿¡æ¯å¡«å†™å¼¹çª—å·²ç¡®è®¤
2026-07-15 09:29:00 [INFO] UI.pages.cart_page: ĞÅÏ¢ÌîĞ´µ¯´°ÒÑÈ·ÈÏ
2026-07-15 09:29:06 | INFO     | --- Phase 6: æŸ¥çœ‹æŠ¥ä»·å• ---
2026-07-15 09:29:06 [INFO] UI.tests.test_sales_order: --- Phase 6: ²é¿´±¨¼Ûµ¥ ---
2026-07-15 09:29:06 | INFO     | ç‚¹å‡»ã€ŒæŸ¥çœ‹æŠ¥ä»·å•ã€ï¼Œç­‰å¾…æ–°çª—å£å¼¹å‡º...
2026-07-15 09:29:06 [INFO] UI.pages.cart_page: µã»÷¡¸²é¿´±¨¼Ûµ¥¡¹£¬µÈ´ıĞÂ´°¿Úµ¯³ö...
2026-07-15 09:29:06 | INFO     | æŠ¥ä»·å•æ–°çª—å£å·²æ‰“å¼€: https://zjtest.gyuncai.com/mall/mall-view-admin/businessOrder/detail?orderId=53599
2026-07-15 09:29:06 [INFO] UI.pages.cart_page: ±¨¼Ûµ¥ĞÂ´°¿ÚÒÑ´ò¿ª: https://zjtest.gyuncai.com/mall/mall-view-admin/businessOrder/detail?orderId=53599
2026-07-15 09:29:11 | INFO     |   â†’ æŠ¥ä»·å•è¯¦æƒ…é¡µåŠ è½½å®Œæˆ âœ“
2026-07-15 09:29:11 [INFO] UI.tests.test_sales_order:   \u2192 \u62a5\u4ef7\u5355\u8be6\u60c5\u9875\u52a0\u8f7d\u5b8c\u6210 \u2713\n2026-07-15 09:29:11 | INFO     | [Step 4/14] å‹¾é€‰ C4 åˆåŒå¤é€‰æ¡† ---
2026-07-15 09:29:11 [INFO] UI.tests.test_sales_order: [Step 4/14] ¹´Ñ¡ C4 ºÏÍ¬¸´Ñ¡¿ò ---
2026-07-15 09:29:11 | INFO     |   â†’ å®šä½å¤é€‰æ¡†å¹¶æ»šåŠ¨åˆ°å¯è§åŒºåŸŸ
2026-07-15 09:29:11 [INFO] UI.tests.test_sales_order:   ¡ú ¶¨Î»¸´Ñ¡¿ò²¢¹ö¶¯µ½¿É¼ûÇøÓò
2026-07-15 09:29:19 | INFO     |   â†’ ç‚¹å‡»å¤é€‰æ¡†ï¼ˆ.el-checkbox__innerï¼‰
2026-07-15 09:29:19 [INFO] UI.tests.test_sales_order:   ¡ú µã»÷¸´Ñ¡¿ò£¨.el-checkbox__inner£©
2026-07-15 09:29:19 | INFO     |   â†’ C4 åˆåŒå¤é€‰æ¡†å·²å‹¾é€‰ âœ“
2026-07-15 09:29:19 [INFO] UI.tests.test_sales_order:   \u2192 C4 \u5408\u540c\u590d\u9009\u6846\u5df2\u52fe\u9009 \u2713\n2026-07-15 09:29:19 | INFO     |   â†’ ä¸Šä¼ é™„ä»¶ ---
2026-07-15 09:29:19 [INFO] UI.tests.test_sales_order:   ¡ú ÉÏ´«¸½¼ş ---
2026-07-15 09:29:19 | INFO     | ä¸Šä¼ é™„ä»¶: C:\Users\wangt-aw\Downloads\test_datas\æ¸ é“è®¢å•å¯¼å…¥æ¨¡ç‰ˆ.xlsx
2026-07-15 09:29:19 [INFO] UI.pages.quotation_page: ÉÏ´«¸½¼ş: C:\Users\wangt-aw\Downloads\test_datas\ÇşµÀ¶©µ¥µ¼ÈëÄ£°æ.xlsx
2026-07-15 09:29:20 | INFO     | é™„ä»¶ä¸Šä¼ å®Œæˆ
2026-07-15 09:29:20 [INFO] UI.pages.quotation_page: ¸½¼şÉÏ´«Íê³É
2026-07-15 09:29:20 | INFO     |   â†’ ä¸Šä¼ é™„ä»¶å®Œæˆ âœ“
2026-07-15 09:29:20 [INFO] UI.tests.test_sales_order:   \u2192 \u4e0a\u4f20\u9644\u4ef6\u5b8c\u6210 \u2713\n2026-07-15 09:29:20 | INFO     |   â†’ äº§å“é€‰é… ---
2026-07-15 09:29:20 [INFO] UI.tests.test_sales_order:   ¡ú ²úÆ·Ñ¡Åä ---
2026-07-15 09:29:20 | INFO     | ç‚¹å‡»ã€Œäº§å“é€‰é…ã€
2026-07-15 09:29:20 [INFO] UI.pages.quotation_page: µã»÷¡¸²úÆ·Ñ¡Åä¡¹
2026-07-15 09:29:23 | INFO     |   â†’ äº§å“é€‰é…å¼¹æ¡†å·²æ‰“å¼€ âœ“
2026-07-15 09:29:23 [INFO] UI.tests.test_sales_order:   \u2192 \u4ea7\u54c1\u9009\u914d\u5f39\u6846\u5df2\u6253\u5f00 \u2713\n2026-07-15 09:29:23 | INFO     |   â†’ å¼¹æ¡† CSS å·²æ³¨å…¥ âœ“
2026-07-15 09:29:23 [INFO] UI.tests.test_sales_order:   \u2192 \u5f39\u6846 CSS \u5df2\u6ce8\u5165 \u2713\n2026-07-15 09:29:23 | INFO     |   â†’ å¥—æ•°è®¾ä¸º 2 âœ“
2026-07-15 09:29:23 [INFO] UI.tests.test_sales_order:   \u2192 \u5957\u6570\u8bbe\u4e3a 2 \u2713\n2026-07-15 09:29:24 | INFO     |   â†’ æ–­è¨€å¼¹çª—åº•éƒ¨é‡‘é¢ Â¥17200.00
2026-07-15 09:29:24 [INFO] UI.tests.test_sales_order:   \u2192 \u65ad\u8a00\u5f39\u7a97\u5e95\u90e8\u91d1\u989d \xa517200.00\n2026-07-15 09:29:24 | INFO     |   â†’ å¼¹çª—åº•éƒ¨å·²å‡ºç° Â¥17200.00 å…ƒ âœ“
2026-07-15 09:29:24 [INFO] UI.tests.test_sales_order:   \u2192 \u5f39\u7a97\u5e95\u90e8\u5df2\u51fa\u73b0 \xa517200.00 \u5143 \u2713\n2026-07-15 09:29:24 | INFO     |   â†’ ç¡®è®¤æäº¤å·²ç‚¹å‡» âœ“
2026-07-15 09:29:24 [INFO] UI.tests.test_sales_order:   \u2192 \u786e\u8ba4\u63d0\u4ea4\u5df2\u70b9\u51fb \u2713\n2026-07-15 09:29:24 | INFO     |   â†’ å¼¹æ¡†å·²å…³é—­ âœ“
2026-07-15 09:29:24 [INFO] UI.tests.test_sales_order:   \u2192 \u5f39\u6846\u5df2\u5173\u95ed \u2713\n2026-07-15 09:29:24 | INFO     |   â†’ ç‚¹å‡»ã€Œæ·»åŠ äº§å“ã€æŒ‰é’® ---
2026-07-15 09:29:24 [INFO] UI.tests.test_sales_order:   ¡ú µã»÷¡¸Ìí¼Ó²úÆ·¡¹°´Å¥ ---
2026-07-15 09:29:25 | INFO     |   â†’ æ·»åŠ äº§å“æŒ‰é’®å·²ç‚¹å‡» âœ“
2026-07-15 09:29:25 [INFO] UI.tests.test_sales_order:   \u2192 \u6dfb\u52a0\u4ea7\u54c1\u6309\u94ae\u5df2\u70b9\u51fb \u2713\n2026-07-15 09:29:25 | INFO     |   â†’ æ·»åŠ äº§å“å¼¹æ¡†å·²æ‰“å¼€ âœ“
2026-07-15 09:29:25 [INFO] UI.tests.test_sales_order:   \u2192 \u6dfb\u52a0\u4ea7\u54c1\u5f39\u6846\u5df2\u6253\u5f00 \u2713\n2026-07-15 09:29:25 | INFO     |   â†’ æœç´¢äº§å“ 10007519 ---
2026-07-15 09:29:25 [INFO] UI.tests.test_sales_order:   ¡ú ËÑË÷²úÆ· 10007519 ---
2026-07-15 09:29:25 | INFO     |   â†’ Level 1: selector="input[placeholder*='æœç´¢'], input[placeholder*='ç‰©æ–™']", count=7
2026-07-15 09:29:25 [INFO] UI.tests.test_sales_order:   ¡ú Level 1: selector="input[placeholder*='ËÑË÷'], input[placeholder*='ÎïÁÏ']", count=7
2026-07-15 09:29:25 | INFO     |   â†’ Level 1: å‘½ä¸­ç¬¬ 0 ä¸ªå¯è§ input âœ“
2026-07-15 09:29:25 [INFO] UI.tests.test_sales_order:   \u2192 Level 1: \u547d\u4e2d\u7b2c 0 \u4e2a\u53ef\u89c1 input \u2713\n2026-07-15 09:29:25 | INFO     |   â†’ å·²è¾“å…¥ç‰©æ–™ç¼–ç  10007519 âœ“
2026-07-15 09:29:25 [INFO] UI.tests.test_sales_order:   \u2192 \u5df2\u8f93\u5165\u7269\u6599\u7f16\u7801 10007519 \u2713\n2026-07-15 09:29:25 | INFO     |   â†’ å·²ç‚¹å‡»æœç´¢æŒ‰é’® âœ“
2026-07-15 09:29:25 [INFO] UI.tests.test_sales_order:   \u2192 \u5df2\u70b9\u51fb\u641c\u7d22\u6309\u94ae \u2713\n2026-07-15 09:29:25 | INFO     |   â†’ å‹¾é€‰äº§å“å¹¶ç¡®è®¤ ---
2026-07-15 09:29:25 [INFO] UI.tests.test_sales_order:   ¡ú ¹´Ñ¡²úÆ·²¢È·ÈÏ ---
2026-07-15 09:29:26 | INFO     |   â†’ äº§å“å¤é€‰æ¡†å·²å‹¾é€‰ âœ“
2026-07-15 09:29:26 [INFO] UI.tests.test_sales_order:   \u2192 \u4ea7\u54c1\u590d\u9009\u6846\u5df2\u52fe\u9009 \u2713\n2026-07-15 09:29:26 | INFO     |   â†’ ç¡®è®¤æŒ‰é’®å·²ç‚¹å‡»
2026-07-15 09:29:26 [INFO] UI.tests.test_sales_order:   ¡ú È·ÈÏ°´Å¥ÒÑµã»÷
2026-07-15 09:29:27 | INFO     |   â†’ å…³é—­æ·»åŠ äº§å“å¼¹æ¡†
2026-07-15 09:29:27 [INFO] UI.tests.test_sales_order:   ¡ú ¹Ø±ÕÌí¼Ó²úÆ·µ¯¿ò
2026-07-15 09:29:27 | INFO     |   â†’ å¼¹æ¡†å·²å…³é—­ âœ“
2026-07-15 09:29:27 [INFO] UI.tests.test_sales_order:   \u2192 \u5f39\u6846\u5df2\u5173\u95ed \u2713\n2026-07-15 09:29:27 | INFO     |   â†’ äº§å“æ·»åŠ ç¡®è®¤å®Œæˆ âœ“
2026-07-15 09:29:27 [INFO] UI.tests.test_sales_order:   \u2192 \u4ea7\u54c1\u6dfb\u52a0\u786e\u8ba4\u5b8c\u6210 \u2713\n2026-07-15 09:29:27 | INFO     |   â†’ æ»šåŠ¨å¼¹çª—å®¹å™¨åˆ°åº•éƒ¨
2026-07-15 09:29:27 [INFO] UI.tests.test_sales_order:   ¡ú ¹ö¶¯µ¯´°ÈİÆ÷µ½µ×²¿
2026-07-15 09:29:28 | INFO     |   â†’ å¼¹çª—å·²æ»šåŠ¨åˆ°åº•éƒ¨ âœ“
2026-07-15 09:29:28 [INFO] UI.tests.test_sales_order:   \u2192 \u5f39\u7a97\u5df2\u6eda\u52a8\u5230\u5e95\u90e8 \u2713\n2026-07-15 09:29:28 | INFO     |   â†’ ç§»é™¤å¼¹çª—é®ç½© .v-modal
2026-07-15 09:29:28 [INFO] UI.tests.test_sales_order:   ¡ú ÒÆ³ıµ¯´°ÕÚÕÖ .v-modal
2026-07-15 09:29:28 | INFO     |   â†’ é®ç½©å·²æ¸…é™¤ âœ“
2026-07-15 09:29:28 [INFO] UI.tests.test_sales_order:   \u2192 \u906e\u7f69\u5df2\u6e05\u9664 \u2713\n2026-07-15 09:29:28 | INFO     |   â†’ ç‚¹å‡»ã€Œæäº¤æŠ¥ä»·å•ã€æŒ‰é’® ---
2026-07-15 09:29:28 [INFO] UI.tests.test_sales_order:   ¡ú µã»÷¡¸Ìá½»±¨¼Ûµ¥¡¹°´Å¥ ---
2026-07-15 09:29:28 | INFO     | ç‚¹å‡»ã€Œæäº¤æŠ¥ä»·å•ã€
2026-07-15 09:29:28 [INFO] UI.pages.quotation_page: µã»÷¡¸Ìá½»±¨¼Ûµ¥¡¹
2026-07-15 09:29:28 | INFO     |   â†’ æäº¤æŠ¥ä»·å•æŒ‰é’®å·²ç‚¹å‡» âœ“
2026-07-15 09:29:28 [INFO] UI.tests.test_sales_order:   \u2192 \u63d0\u4ea4\u62a5\u4ef7\u5355\u6309\u94ae\u5df2\u70b9\u51fb \u2713\n2026-07-15 09:29:28 | INFO     |   â†’ ç¡®è®¤å¼¹æ¡† ---
2026-07-15 09:29:28 [INFO] UI.tests.test_sales_order:   ¡ú È·ÈÏµ¯¿ò ---
2026-07-15 09:29:28 | INFO     | ç‚¹å‡»ç¡®è®¤å¼¹çª—ã€Œç¡® å®šã€, label=auto-last
2026-07-15 09:29:28 [INFO] UI.pages.quotation_page: µã»÷È·ÈÏµ¯´°¡¸È· ¶¨¡¹, label=auto-last
2026-07-15 09:29:29 | INFO     | âœ“ å¼¹æ¡†æ–­è¨€é€šè¿‡: æ ‡é¢˜ã€Œæç¤ºã€å­˜åœ¨ [auto-last]
2026-07-15 09:29:29 [INFO] UI.pages.quotation_page: \u2713 \u5f39\u6846\u65ad\u8a00\u901a\u8fc7: \u6807\u9898\u300c\u63d0\u793a\u300d\u5b58\u5728 [auto-last]\n2026-07-15 09:29:29 | INFO     | âœ“ å¼¹æ¡†æ–­è¨€é€šè¿‡: ã€Œç¡®å®šã€æŒ‰é’®å·²æŒ‚è½½ [auto-last]
2026-07-15 09:29:29 [INFO] UI.pages.quotation_page: \u2713 \u5f39\u6846\u65ad\u8a00\u901a\u8fc7: \u300c\u786e\u5b9a\u300d\u6309\u94ae\u5df2\u6302\u8f7d [auto-last]\n2026-07-15 09:29:29 | INFO     | ç¡®è®¤æŒ‰é’®å·²ç‚¹å‡»ï¼ˆæ–¹æ¡ˆC: JS clickï¼‰
2026-07-15 09:29:29 [INFO] UI.pages.quotation_page: È·ÈÏ°´Å¥ÒÑµã»÷£¨·½°¸C: JS click£©
2026-07-15 09:29:29 | INFO     |   â†’ ç¡®è®¤å¼¹æ¡†å·²å¤„ç† âœ“
2026-07-15 09:29:29 [INFO] UI.tests.test_sales_order:   \u2192 \u786e\u8ba4\u5f39\u6846\u5df2\u5904\u7406 \u2713\n2026-07-15 09:29:29 | INFO     | ==================================================
2026-07-15 09:29:29 [INFO] UI.tests.test_sales_order: ==================================================
2026-07-15 09:29:29 | INFO     | é”€å”®å®Œæ•´ä¸‹å•æµç¨‹æµ‹è¯•ï¼ˆåˆå¹¶ç‰ˆï¼‰- å®Œæˆ
2026-07-15 09:29:29 [INFO] UI.tests.test_sales_order: ÏúÊÛÍêÕûÏÂµ¥Á÷³Ì²âÊÔ£¨ºÏ²¢°æ£©- Íê³É
2026-07-15 09:29:29 | INFO     | ==================================================
2026-07-15 09:29:29 [INFO] UI.tests.test_sales_order: ==================================================
2026-07-15 09:29:29 | INFO     | æµ‹è¯•é€šè¿‡: test_sales_full_order[chromium]
2026-07-15 09:29:29 [INFO] UI.conftest: ²âÊÔÍ¨¹ı: test_sales_full_order[chromium]
2026-07-15 09:29:30 | INFO     | æˆªå›¾å·²ä¿å­˜: F:\UI_AUTO\reports\screenshots\PASS_20260715_092929_test_sales_full_order[chromium].png
2026-07-15 09:29:30 [INFO] UI.conftest: ½ØÍ¼ÒÑ±£´æ: F:\UI_AUTO\reports\screenshots\PASS_20260715_092929_test_sales_full_order[chromium].png
PASSED

============================= 1 passed in 49.29s ==============================
